parthiban@parthi-VM:~$ sudo apt-get update
[sudo] password for parthiban: 
Hit:1 http://in.archive.ubuntu.com/ubuntu jammy InRelease
Get:2 http://in.archive.ubuntu.com/ubuntu jammy-updates InRelease [114 kB]
Get:3 http://security.ubuntu.com/ubuntu jammy-security InRelease [110 kB]
Get:4 http://in.archive.ubuntu.com/ubuntu jammy-backports InRelease [99.8 kB]
Get:5 http://in.archive.ubuntu.com/ubuntu jammy-updates/main i386 Packages [330 kB]
Get:6 http://security.ubuntu.com/ubuntu jammy-security/main i386 Packages [138 kB]
Get:7 http://in.archive.ubuntu.com/ubuntu jammy-updates/main amd64 Packages [631 kB]
Get:8 http://security.ubuntu.com/ubuntu jammy-security/main amd64 Packages [370 kB]
Get:9 http://in.archive.ubuntu.com/ubuntu jammy-updates/main Translation-en [146 kB]
Get:10 http://in.archive.ubuntu.com/ubuntu jammy-updates/main amd64 DEP-11 Metadata [92.8 kB]
Get:11 http://in.archive.ubuntu.com/ubuntu jammy-updates/main amd64 c-n-f Metadata [8,964 B]
Get:12 http://in.archive.ubuntu.com/ubuntu jammy-updates/restricted amd64 Packages [373 kB]
Get:13 http://in.archive.ubuntu.com/ubuntu jammy-updates/restricted Translation-en [57.4 kB]     
Get:14 http://in.archive.ubuntu.com/ubuntu jammy-updates/universe amd64 Packages [428 kB]          
Get:15 http://in.archive.ubuntu.com/ubuntu jammy-updates/universe i386 Packages [280 kB]    
Get:16 http://in.archive.ubuntu.com/ubuntu jammy-updates/universe Translation-en [108 kB]   
Get:17 http://in.archive.ubuntu.com/ubuntu jammy-updates/universe amd64 DEP-11 Metadata [248 kB]       
Get:18 http://in.archive.ubuntu.com/ubuntu jammy-updates/universe DEP-11 64x64 Icons [234 kB]               
Get:19 http://security.ubuntu.com/ubuntu jammy-security/main Translation-en [84.0 kB]              
Get:20 http://security.ubuntu.com/ubuntu jammy-security/main amd64 DEP-11 Metadata [13.0 kB]          
Get:21 http://security.ubuntu.com/ubuntu jammy-security/restricted amd64 Packages [334 kB]
Get:22 http://in.archive.ubuntu.com/ubuntu jammy-updates/multiverse amd64 DEP-11 Metadata [940 B]
Get:23 http://in.archive.ubuntu.com/ubuntu jammy-backports/universe amd64 DEP-11 Metadata [12.6 kB]
Get:24 http://security.ubuntu.com/ubuntu jammy-security/restricted Translation-en [51.5 kB]
Get:25 http://security.ubuntu.com/ubuntu jammy-security/universe amd64 Packages [290 kB]
Get:26 http://security.ubuntu.com/ubuntu jammy-security/universe i386 Packages [211 kB]
Get:27 http://security.ubuntu.com/ubuntu jammy-security/universe Translation-en [64.0 kB]
Get:28 http://security.ubuntu.com/ubuntu jammy-security/universe amd64 DEP-11 Metadata [12.4 kB]
Get:29 http://security.ubuntu.com/ubuntu jammy-security/universe DEP-11 64x64 Icons [9,532 B]
Fetched 4,854 kB in 4s (1,134 kB/s) 
Reading package lists... Done
parthiban@parthi-VM:~$ sudo apt-get install openjdk-11-jdk
Reading package lists... Done
Building dependency tree... Done
Reading state information... Done
The following additional packages will be installed:
  ca-certificates-java fonts-dejavu-extra java-common libatk-wrapper-java libatk-wrapper-java-jni libice-dev libpthread-stubs0-dev libsm-dev libx11-dev libxau-dev libxcb1-dev libxdmcp-dev libxt-dev
  openjdk-11-jdk-headless openjdk-11-jre openjdk-11-jre-headless x11proto-dev xorg-sgml-doctools xtrans-dev
Suggested packages:
  default-jre libice-doc libsm-doc libx11-doc libxcb-doc libxt-doc openjdk-11-demo openjdk-11-source visualvm fonts-ipafont-gothic fonts-ipafont-mincho fonts-wqy-microhei | fonts-wqy-zenhei
The following NEW packages will be installed:
  ca-certificates-java fonts-dejavu-extra java-common libatk-wrapper-java libatk-wrapper-java-jni libice-dev libpthread-stubs0-dev libsm-dev libx11-dev libxau-dev libxcb1-dev libxdmcp-dev libxt-dev
  openjdk-11-jdk openjdk-11-jdk-headless openjdk-11-jre openjdk-11-jre-headless x11proto-dev xorg-sgml-doctools xtrans-dev
0 upgraded, 20 newly installed, 0 to remove and 7 not upgraded.
Need to get 261 MB of archives.
After this operation, 412 MB of additional disk space will be used.
Do you want to continue? [Y/n] y
Get:1 http://in.archive.ubuntu.com/ubuntu jammy/main amd64 java-common all 0.72build2 [6,782 B]
Get:2 http://in.archive.ubuntu.com/ubuntu jammy-updates/main amd64 openjdk-11-jre-headless amd64 11.0.16+8-0ubuntu1~22.04 [41.5 MB]
Get:3 http://in.archive.ubuntu.com/ubuntu jammy/main amd64 ca-certificates-java all 20190909 [12.1 kB]                                                                                                    
Get:4 http://in.archive.ubuntu.com/ubuntu jammy/main amd64 fonts-dejavu-extra all 2.37-2build1 [2,041 kB]                                                                                                 
Get:5 http://in.archive.ubuntu.com/ubuntu jammy/main amd64 libatk-wrapper-java all 0.38.0-5build1 [53.1 kB]                                                                                               
Get:6 http://in.archive.ubuntu.com/ubuntu jammy/main amd64 libatk-wrapper-java-jni amd64 0.38.0-5build1 [49.0 kB]                                                                                         
Get:7 http://in.archive.ubuntu.com/ubuntu jammy/main amd64 xorg-sgml-doctools all 1:1.11-1.1 [10.9 kB]                                                                                                    
Get:8 http://in.archive.ubuntu.com/ubuntu jammy/main amd64 x11proto-dev all 2021.5-1 [604 kB]                                                                                                             
Get:9 http://in.archive.ubuntu.com/ubuntu jammy/main amd64 libice-dev amd64 2:1.0.10-1build2 [51.4 kB]                                                                                                    
Get:10 http://in.archive.ubuntu.com/ubuntu jammy/main amd64 libpthread-stubs0-dev amd64 0.4-1build2 [5,516 B]                                                                                             
Get:11 http://in.archive.ubuntu.com/ubuntu jammy/main amd64 libsm-dev amd64 2:1.2.3-1build2 [18.1 kB]                                                                                                     
Get:12 http://in.archive.ubuntu.com/ubuntu jammy/main amd64 libxau-dev amd64 1:1.0.9-1build5 [9,724 B]                                                                                                    
Get:13 http://in.archive.ubuntu.com/ubuntu jammy/main amd64 libxdmcp-dev amd64 1:1.1.3-0ubuntu5 [26.5 kB]                                                                                                 
Get:14 http://in.archive.ubuntu.com/ubuntu jammy/main amd64 xtrans-dev all 1.4.0-1 [68.9 kB]                                                                                                              
Get:15 http://in.archive.ubuntu.com/ubuntu jammy/main amd64 libxcb1-dev amd64 1.14-3ubuntu3 [86.5 kB]                                                                                                     
Get:16 http://in.archive.ubuntu.com/ubuntu jammy/main amd64 libx11-dev amd64 2:1.7.5-1 [744 kB]                                                                                                           
Get:17 http://in.archive.ubuntu.com/ubuntu jammy/main amd64 libxt-dev amd64 1:1.2.1-1 [396 kB]                                                                                                            
Get:18 http://in.archive.ubuntu.com/ubuntu jammy-updates/main amd64 openjdk-11-jre amd64 11.0.16+8-0ubuntu1~22.04 [193 kB]                                                                                
Get:19 http://in.archive.ubuntu.com/ubuntu jammy-updates/main amd64 openjdk-11-jdk-headless amd64 11.0.16+8-0ubuntu1~22.04 [214 MB]                                                                       
Get:20 http://in.archive.ubuntu.com/ubuntu jammy-updates/main amd64 openjdk-11-jdk amd64 11.0.16+8-0ubuntu1~22.04 [1,561 kB]                                                                              
Fetched 261 MB in 1min 13s (3,562 kB/s)                                                                                                                                                                   
Selecting previously unselected package java-common.
(Reading database ... 211076 files and directories currently installed.)
Preparing to unpack .../00-java-common_0.72build2_all.deb ...
Unpacking java-common (0.72build2) ...
Selecting previously unselected package openjdk-11-jre-headless:amd64.
Preparing to unpack .../01-openjdk-11-jre-headless_11.0.16+8-0ubuntu1~22.04_amd64.deb ...
Unpacking openjdk-11-jre-headless:amd64 (11.0.16+8-0ubuntu1~22.04) ...
Selecting previously unselected package ca-certificates-java.
Preparing to unpack .../02-ca-certificates-java_20190909_all.deb ...
Unpacking ca-certificates-java (20190909) ...
Selecting previously unselected package fonts-dejavu-extra.
Preparing to unpack .../03-fonts-dejavu-extra_2.37-2build1_all.deb ...
Unpacking fonts-dejavu-extra (2.37-2build1) ...
Selecting previously unselected package libatk-wrapper-java.
Preparing to unpack .../04-libatk-wrapper-java_0.38.0-5build1_all.deb ...
Unpacking libatk-wrapper-java (0.38.0-5build1) ...
Selecting previously unselected package libatk-wrapper-java-jni:amd64.
Preparing to unpack .../05-libatk-wrapper-java-jni_0.38.0-5build1_amd64.deb ...
Unpacking libatk-wrapper-java-jni:amd64 (0.38.0-5build1) ...
Selecting previously unselected package xorg-sgml-doctools.
Preparing to unpack .../06-xorg-sgml-doctools_1%3a1.11-1.1_all.deb ...
Unpacking xorg-sgml-doctools (1:1.11-1.1) ...
Selecting previously unselected package x11proto-dev.
Preparing to unpack .../07-x11proto-dev_2021.5-1_all.deb ...
Unpacking x11proto-dev (2021.5-1) ...
Selecting previously unselected package libice-dev:amd64.
Preparing to unpack .../08-libice-dev_2%3a1.0.10-1build2_amd64.deb ...
Unpacking libice-dev:amd64 (2:1.0.10-1build2) ...
Selecting previously unselected package libpthread-stubs0-dev:amd64.
Preparing to unpack .../09-libpthread-stubs0-dev_0.4-1build2_amd64.deb ...
Unpacking libpthread-stubs0-dev:amd64 (0.4-1build2) ...
Selecting previously unselected package libsm-dev:amd64.
Preparing to unpack .../10-libsm-dev_2%3a1.2.3-1build2_amd64.deb ...
Unpacking libsm-dev:amd64 (2:1.2.3-1build2) ...
Selecting previously unselected package libxau-dev:amd64.
Preparing to unpack .../11-libxau-dev_1%3a1.0.9-1build5_amd64.deb ...
Unpacking libxau-dev:amd64 (1:1.0.9-1build5) ...
Selecting previously unselected package libxdmcp-dev:amd64.
Preparing to unpack .../12-libxdmcp-dev_1%3a1.1.3-0ubuntu5_amd64.deb ...
Unpacking libxdmcp-dev:amd64 (1:1.1.3-0ubuntu5) ...
Selecting previously unselected package xtrans-dev.
Preparing to unpack .../13-xtrans-dev_1.4.0-1_all.deb ...
Unpacking xtrans-dev (1.4.0-1) ...
Selecting previously unselected package libxcb1-dev:amd64.
Preparing to unpack .../14-libxcb1-dev_1.14-3ubuntu3_amd64.deb ...
Unpacking libxcb1-dev:amd64 (1.14-3ubuntu3) ...
Selecting previously unselected package libx11-dev:amd64.
Preparing to unpack .../15-libx11-dev_2%3a1.7.5-1_amd64.deb ...
Unpacking libx11-dev:amd64 (2:1.7.5-1) ...
Selecting previously unselected package libxt-dev:amd64.
Preparing to unpack .../16-libxt-dev_1%3a1.2.1-1_amd64.deb ...
Unpacking libxt-dev:amd64 (1:1.2.1-1) ...
Selecting previously unselected package openjdk-11-jre:amd64.
Preparing to unpack .../17-openjdk-11-jre_11.0.16+8-0ubuntu1~22.04_amd64.deb ...
Unpacking openjdk-11-jre:amd64 (11.0.16+8-0ubuntu1~22.04) ...
Selecting previously unselected package openjdk-11-jdk-headless:amd64.
Preparing to unpack .../18-openjdk-11-jdk-headless_11.0.16+8-0ubuntu1~22.04_amd64.deb ...
Unpacking openjdk-11-jdk-headless:amd64 (11.0.16+8-0ubuntu1~22.04) ...
Selecting previously unselected package openjdk-11-jdk:amd64.
Preparing to unpack .../19-openjdk-11-jdk_11.0.16+8-0ubuntu1~22.04_amd64.deb ...
Unpacking openjdk-11-jdk:amd64 (11.0.16+8-0ubuntu1~22.04) ...
Setting up java-common (0.72build2) ...
Setting up libpthread-stubs0-dev:amd64 (0.4-1build2) ...
Setting up xtrans-dev (1.4.0-1) ...
Setting up fonts-dejavu-extra (2.37-2build1) ...
Setting up xorg-sgml-doctools (1:1.11-1.1) ...
Setting up libatk-wrapper-java (0.38.0-5build1) ...
Setting up libatk-wrapper-java-jni:amd64 (0.38.0-5build1) ...
Setting up openjdk-11-jre-headless:amd64 (11.0.16+8-0ubuntu1~22.04) ...
update-alternatives: using /usr/lib/jvm/java-11-openjdk-amd64/bin/java to provide /usr/bin/java (java) in auto mode
update-alternatives: using /usr/lib/jvm/java-11-openjdk-amd64/bin/jjs to provide /usr/bin/jjs (jjs) in auto mode
update-alternatives: using /usr/lib/jvm/java-11-openjdk-amd64/bin/keytool to provide /usr/bin/keytool (keytool) in auto mode
update-alternatives: using /usr/lib/jvm/java-11-openjdk-amd64/bin/rmid to provide /usr/bin/rmid (rmid) in auto mode
update-alternatives: using /usr/lib/jvm/java-11-openjdk-amd64/bin/rmiregistry to provide /usr/bin/rmiregistry (rmiregistry) in auto mode
update-alternatives: using /usr/lib/jvm/java-11-openjdk-amd64/bin/pack200 to provide /usr/bin/pack200 (pack200) in auto mode
update-alternatives: using /usr/lib/jvm/java-11-openjdk-amd64/bin/unpack200 to provide /usr/bin/unpack200 (unpack200) in auto mode
update-alternatives: using /usr/lib/jvm/java-11-openjdk-amd64/lib/jexec to provide /usr/bin/jexec (jexec) in auto mode
Setting up openjdk-11-jre:amd64 (11.0.16+8-0ubuntu1~22.04) ...
Setting up openjdk-11-jdk-headless:amd64 (11.0.16+8-0ubuntu1~22.04) ...
update-alternatives: using /usr/lib/jvm/java-11-openjdk-amd64/bin/jar to provide /usr/bin/jar (jar) in auto mode
update-alternatives: using /usr/lib/jvm/java-11-openjdk-amd64/bin/jarsigner to provide /usr/bin/jarsigner (jarsigner) in auto mode
update-alternatives: using /usr/lib/jvm/java-11-openjdk-amd64/bin/javac to provide /usr/bin/javac (javac) in auto mode
update-alternatives: using /usr/lib/jvm/java-11-openjdk-amd64/bin/javadoc to provide /usr/bin/javadoc (javadoc) in auto mode
update-alternatives: using /usr/lib/jvm/java-11-openjdk-amd64/bin/javap to provide /usr/bin/javap (javap) in auto mode
update-alternatives: using /usr/lib/jvm/java-11-openjdk-amd64/bin/jcmd to provide /usr/bin/jcmd (jcmd) in auto mode
update-alternatives: using /usr/lib/jvm/java-11-openjdk-amd64/bin/jdb to provide /usr/bin/jdb (jdb) in auto mode
update-alternatives: using /usr/lib/jvm/java-11-openjdk-amd64/bin/jdeprscan to provide /usr/bin/jdeprscan (jdeprscan) in auto mode
update-alternatives: using /usr/lib/jvm/java-11-openjdk-amd64/bin/jdeps to provide /usr/bin/jdeps (jdeps) in auto mode
update-alternatives: using /usr/lib/jvm/java-11-openjdk-amd64/bin/jfr to provide /usr/bin/jfr (jfr) in auto mode
update-alternatives: using /usr/lib/jvm/java-11-openjdk-amd64/bin/jimage to provide /usr/bin/jimage (jimage) in auto mode
update-alternatives: using /usr/lib/jvm/java-11-openjdk-amd64/bin/jinfo to provide /usr/bin/jinfo (jinfo) in auto mode
update-alternatives: using /usr/lib/jvm/java-11-openjdk-amd64/bin/jlink to provide /usr/bin/jlink (jlink) in auto mode
update-alternatives: using /usr/lib/jvm/java-11-openjdk-amd64/bin/jmap to provide /usr/bin/jmap (jmap) in auto mode
update-alternatives: using /usr/lib/jvm/java-11-openjdk-amd64/bin/jmod to provide /usr/bin/jmod (jmod) in auto mode
update-alternatives: using /usr/lib/jvm/java-11-openjdk-amd64/bin/jps to provide /usr/bin/jps (jps) in auto mode
update-alternatives: using /usr/lib/jvm/java-11-openjdk-amd64/bin/jrunscript to provide /usr/bin/jrunscript (jrunscript) in auto mode
update-alternatives: using /usr/lib/jvm/java-11-openjdk-amd64/bin/jshell to provide /usr/bin/jshell (jshell) in auto mode
update-alternatives: using /usr/lib/jvm/java-11-openjdk-amd64/bin/jstack to provide /usr/bin/jstack (jstack) in auto mode
update-alternatives: using /usr/lib/jvm/java-11-openjdk-amd64/bin/jstat to provide /usr/bin/jstat (jstat) in auto mode
update-alternatives: using /usr/lib/jvm/java-11-openjdk-amd64/bin/jstatd to provide /usr/bin/jstatd (jstatd) in auto mode
update-alternatives: using /usr/lib/jvm/java-11-openjdk-amd64/bin/rmic to provide /usr/bin/rmic (rmic) in auto mode
update-alternatives: using /usr/lib/jvm/java-11-openjdk-amd64/bin/serialver to provide /usr/bin/serialver (serialver) in auto mode
update-alternatives: using /usr/lib/jvm/java-11-openjdk-amd64/bin/jaotc to provide /usr/bin/jaotc (jaotc) in auto mode
update-alternatives: using /usr/lib/jvm/java-11-openjdk-amd64/bin/jhsdb to provide /usr/bin/jhsdb (jhsdb) in auto mode
Setting up openjdk-11-jdk:amd64 (11.0.16+8-0ubuntu1~22.04) ...
update-alternatives: using /usr/lib/jvm/java-11-openjdk-amd64/bin/jconsole to provide /usr/bin/jconsole (jconsole) in auto mode
Setting up ca-certificates-java (20190909) ...
head: cannot open '/etc/ssl/certs/java/cacerts' for reading: No such file or directory
Adding debian:GTS_Root_R4.pem
Adding debian:Atos_TrustedRoot_2011.pem
Adding debian:ISRG_Root_X1.pem
Adding debian:SwissSign_Gold_CA_-_G2.pem
Adding debian:Entrust_Root_Certification_Authority_-_G2.pem
Adding debian:Microsoft_RSA_Root_Certificate_Authority_2017.pem
Adding debian:GTS_Root_R3.pem
Adding debian:GlobalSign_Root_CA_-_R2.pem
Adding debian:Hongkong_Post_Root_CA_3.pem
Adding debian:NAVER_Global_Root_Certification_Authority.pem
Adding debian:QuoVadis_Root_CA_2_G3.pem
Adding debian:SZAFIR_ROOT_CA2.pem
Adding debian:Buypass_Class_3_Root_CA.pem
Adding debian:Secure_Global_CA.pem
Adding debian:Certigna_Root_CA.pem
Adding debian:AC_RAIZ_FNMT-RCM.pem
Adding debian:emSign_Root_CA_-_G1.pem
Adding debian:E-Tugra_Certification_Authority.pem
Adding debian:DigiCert_Trusted_Root_G4.pem
Adding debian:Entrust_Root_Certification_Authority_-_G4.pem
Adding debian:TUBITAK_Kamu_SM_SSL_Kok_Sertifikasi_-_Surum_1.pem
Adding debian:Amazon_Root_CA_4.pem
Adding debian:COMODO_Certification_Authority.pem
Adding debian:Hongkong_Post_Root_CA_1.pem
Adding debian:UCA_Extended_Validation_Root.pem
Adding debian:DigiCert_High_Assurance_EV_Root_CA.pem
Adding debian:Trustwave_Global_ECC_P384_Certification_Authority.pem
Adding debian:Security_Communication_RootCA2.pem
Adding debian:TrustCor_RootCert_CA-2.pem
Adding debian:Certum_Trusted_Network_CA_2.pem
Adding debian:Amazon_Root_CA_2.pem
Adding debian:Staat_der_Nederlanden_EV_Root_CA.pem
Adding debian:certSIGN_Root_CA_G2.pem
Adding debian:ACCVRAIZ1.pem
Adding debian:Buypass_Class_2_Root_CA.pem
Adding debian:Certum_EC-384_CA.pem
Adding debian:Amazon_Root_CA_1.pem
Adding debian:Microsoft_ECC_Root_Certificate_Authority_2017.pem
Adding debian:GLOBALTRUST_2020.pem
Adding debian:QuoVadis_Root_CA_1_G3.pem
Adding debian:ssl-cert-snakeoil.pem
Adding debian:emSign_Root_CA_-_C1.pem
Adding debian:Go_Daddy_Class_2_CA.pem
Adding debian:Baltimore_CyberTrust_Root.pem
Adding debian:GTS_Root_R1.pem
Adding debian:OISTE_WISeKey_Global_Root_GC_CA.pem
Adding debian:AffirmTrust_Premium_ECC.pem
Adding debian:DigiCert_Assured_ID_Root_G3.pem
Adding debian:AC_RAIZ_FNMT-RCM_SERVIDORES_SEGUROS.pem
Adding debian:Comodo_AAA_Services_root.pem
Adding debian:DigiCert_Global_Root_G3.pem
Adding debian:D-TRUST_Root_Class_3_CA_2_2009.pem
Adding debian:e-Szigno_Root_CA_2017.pem
Adding debian:Hellenic_Academic_and_Research_Institutions_ECC_RootCA_2015.pem
Adding debian:DigiCert_Assured_ID_Root_CA.pem
Adding debian:GlobalSign_ECC_Root_CA_-_R5.pem
Adding debian:emSign_ECC_Root_CA_-_C3.pem
Adding debian:TWCA_Global_Root_CA.pem
Adding debian:Go_Daddy_Root_Certificate_Authority_-_G2.pem
Adding debian:Trustwave_Global_ECC_P256_Certification_Authority.pem
Adding debian:TWCA_Root_Certification_Authority.pem
Adding debian:NetLock_Arany_=Class_Gold=_Főtanúsítvány.pem
Adding debian:certSIGN_ROOT_CA.pem
Adding debian:Microsec_e-Szigno_Root_CA_2009.pem
Adding debian:TrustCor_ECA-1.pem
Adding debian:Trustwave_Global_Certification_Authority.pem
Adding debian:Starfield_Services_Root_Certificate_Authority_-_G2.pem
Adding debian:Hellenic_Academic_and_Research_Institutions_RootCA_2015.pem
Adding debian:EC-ACC.pem
Adding debian:QuoVadis_Root_CA_3_G3.pem
Adding debian:USERTrust_RSA_Certification_Authority.pem
Adding debian:GlobalSign_Root_CA_-_R3.pem
Adding debian:TrustCor_RootCert_CA-1.pem
Adding debian:GDCA_TrustAUTH_R5_ROOT.pem
Adding debian:Cybertrust_Global_Root.pem
Adding debian:T-TeleSec_GlobalRoot_Class_3.pem
Adding debian:XRamp_Global_CA_Root.pem
Adding debian:SSL.com_Root_Certification_Authority_ECC.pem
Adding debian:Hellenic_Academic_and_Research_Institutions_RootCA_2011.pem
Adding debian:SecureSign_RootCA11.pem
Adding debian:ANF_Secure_Server_Root_CA.pem
Adding debian:SSL.com_Root_Certification_Authority_RSA.pem
Adding debian:AffirmTrust_Networking.pem
Adding debian:Autoridad_de_Certificacion_Firmaprofesional_CIF_A62634068.pem
Adding debian:SwissSign_Silver_CA_-_G2.pem
Adding debian:UCA_Global_G2_Root.pem
Adding debian:GlobalSign_Root_E46.pem
Adding debian:Entrust_Root_Certification_Authority.pem
Adding debian:Security_Communication_Root_CA.pem
Adding debian:Izenpe.com.pem
Adding debian:GlobalSign_Root_R46.pem
Adding debian:QuoVadis_Root_CA_3.pem
Adding debian:QuoVadis_Root_CA_2.pem
Adding debian:AffirmTrust_Premium.pem
Adding debian:COMODO_ECC_Certification_Authority.pem
Adding debian:Entrust.net_Premium_2048_Secure_Server_CA.pem
Adding debian:TeliaSonera_Root_CA_v1.pem
Adding debian:DigiCert_Global_Root_G2.pem
Adding debian:emSign_ECC_Root_CA_-_G3.pem
Adding debian:COMODO_RSA_Certification_Authority.pem
Adding debian:SSL.com_EV_Root_Certification_Authority_ECC.pem
Adding debian:CA_Disig_Root_R2.pem
Adding debian:GlobalSign_Root_CA_-_R6.pem
Adding debian:Entrust_Root_Certification_Authority_-_EC1.pem
Adding debian:Certum_Trusted_Network_CA.pem
Adding debian:Certum_Trusted_Root_CA.pem
Adding debian:D-TRUST_Root_Class_3_CA_2_EV_2009.pem
Adding debian:OISTE_WISeKey_Global_Root_GB_CA.pem
Adding debian:GlobalSign_ECC_Root_CA_-_R4.pem
Adding debian:Certigna.pem
Adding debian:Network_Solutions_Certificate_Authority.pem
Adding debian:DigiCert_Assured_ID_Root_G2.pem
Adding debian:IdenTrust_Commercial_Root_CA_1.pem
Adding debian:USERTrust_ECC_Certification_Authority.pem
Adding debian:Starfield_Root_Certificate_Authority_-_G2.pem
Adding debian:SecureTrust_CA.pem
Adding debian:DigiCert_Global_Root_CA.pem
Adding debian:Amazon_Root_CA_3.pem
Adding debian:AffirmTrust_Commercial.pem
Adding debian:SSL.com_EV_Root_Certification_Authority_RSA_R2.pem
Adding debian:CFCA_EV_ROOT.pem
Adding debian:IdenTrust_Public_Sector_Root_CA_1.pem
Adding debian:GTS_Root_R2.pem
Adding debian:T-TeleSec_GlobalRoot_Class_2.pem
Adding debian:ePKI_Root_Certification_Authority.pem
Adding debian:Actalis_Authentication_Root_CA.pem
Adding debian:Starfield_Class_2_CA.pem
Adding debian:GlobalSign_Root_CA.pem
done.
Processing triggers for mailcap (3.70+nmu1ubuntu1) ...
Processing triggers for fontconfig (2.13.1-4.2ubuntu5) ...
Processing triggers for desktop-file-utils (0.26-1ubuntu3) ...
Processing triggers for hicolor-icon-theme (0.17-2) ...
Processing triggers for gnome-menus (3.36.0-1ubuntu3) ...
Processing triggers for man-db (2.10.2-1) ...
Processing triggers for ca-certificates (20211016) ...
Updating certificates in /etc/ssl/certs...
0 added, 0 removed; done.
Running hooks in /etc/ca-certificates/update.d...

done.
done.
Processing triggers for sgml-base (1.30) ...
Setting up x11proto-dev (2021.5-1) ...
Setting up libxau-dev:amd64 (1:1.0.9-1build5) ...
Setting up libice-dev:amd64 (2:1.0.10-1build2) ...
Setting up libsm-dev:amd64 (2:1.2.3-1build2) ...
Setting up libxdmcp-dev:amd64 (1:1.1.3-0ubuntu5) ...
Setting up libxcb1-dev:amd64 (1.14-3ubuntu3) ...
Setting up libx11-dev:amd64 (2:1.7.5-1) ...
Setting up libxt-dev:amd64 (1:1.2.1-1) ...
parthiban@parthi-VM:~$ 
parthiban@parthi-VM:~$ 
parthiban@parthi-VM:~$ java -v
Unrecognized option: -v
Error: Could not create the Java Virtual Machine.
Error: A fatal exception has occurred. Program will exit.
parthiban@parthi-VM:~$ java -version
openjdk version "11.0.16" 2022-07-19
OpenJDK Runtime Environment (build 11.0.16+8-post-Ubuntu-0ubuntu122.04)
OpenJDK 64-Bit Server VM (build 11.0.16+8-post-Ubuntu-0ubuntu122.04, mixed mode, sharing)
parthiban@parthi-VM:~$ curl -fsSL https://pkg.jenkins.io/debian-stable/jenkins.io.key | sudo tee \
  /usr/share/keyrings/jenkins-keyring.asc > /dev/null
Command 'curl' not found, but can be installed with:
sudo snap install curl  # version 7.84.0, or
sudo apt  install curl  # version 7.81.0-1ubuntu1.4
See 'snap info curl' for additional versions.
parthiban@parthi-VM:~$ sudo apt-get install curl
Reading package lists... Done
Building dependency tree... Done
Reading state information... Done
The following NEW packages will be installed:
  curl
0 upgraded, 1 newly installed, 0 to remove and 7 not upgraded.
Need to get 194 kB of archives.
After this operation, 453 kB of additional disk space will be used.
Get:1 http://in.archive.ubuntu.com/ubuntu jammy-updates/main amd64 curl amd64 7.81.0-1ubuntu1.4 [194 kB]
Fetched 194 kB in 1s (164 kB/s)
Selecting previously unselected package curl.
(Reading database ... 212262 files and directories currently installed.)
Preparing to unpack .../curl_7.81.0-1ubuntu1.4_amd64.deb ...
Unpacking curl (7.81.0-1ubuntu1.4) ...
Setting up curl (7.81.0-1ubuntu1.4) ...
Processing triggers for man-db (2.10.2-1) ...
parthiban@parthi-VM:~$ curl -fsSL https://pkg.jenkins.io/debian-stable/jenkins.io.key | sudo tee   /usr/share/keyrings/jenkins-keyring.asc > /dev/null
parthiban@parthi-VM:~$ echo deb [signed-by=/usr/share/keyrings/jenkins-keyring.asc] \
  https://pkg.jenkins.io/debian-stable binary/ | sudo tee \
  /etc/apt/sources.list.d/jenkins.list > /dev/null
parthiban@parthi-VM:~$ sudo apt-get update
Ign:1 https://pkg.jenkins.io/debian-stable binary/ InRelease
Get:2 https://pkg.jenkins.io/debian-stable binary/ Release [2,044 B]
Get:3 https://pkg.jenkins.io/debian-stable binary/ Release.gpg [833 B]   
Hit:4 http://in.archive.ubuntu.com/ubuntu jammy InRelease                  
Hit:5 http://security.ubuntu.com/ubuntu jammy-security InRelease
Get:6 https://pkg.jenkins.io/debian-stable binary/ Packages [23.2 kB]
Hit:7 http://in.archive.ubuntu.com/ubuntu jammy-updates InRelease
Hit:8 http://in.archive.ubuntu.com/ubuntu jammy-backports InRelease
Fetched 26.1 kB in 1s (19.6 kB/s)
Reading package lists... Done
parthiban@parthi-VM:~$ sudo apt-get install jenkins
Reading package lists... Done
Building dependency tree... Done
Reading state information... Done
The following NEW packages will be installed:
  jenkins
0 upgraded, 1 newly installed, 0 to remove and 7 not upgraded.
Need to get 90.7 MB of archives.
After this operation, 93.6 MB of additional disk space will be used.
Get:1 https://pkg.jenkins.io/debian-stable binary/ jenkins 2.361.2 [90.7 MB]
Fetched 90.7 MB in 45s (2,025 kB/s)                                                                                                                                                                       
Selecting previously unselected package jenkins.
(Reading database ... 212269 files and directories currently installed.)
Preparing to unpack .../jenkins_2.361.2_all.deb ...
Unpacking jenkins (2.361.2) ...
Setting up jenkins (2.361.2) ...
Created symlink /etc/systemd/system/multi-user.target.wants/jenkins.service → /lib/systemd/system/jenkins.service.
parthiban@parthi-VM:~$ sudo systemctl start jenkins.service
parthiban@parthi-VM:~$ sudo systemctl status jenkins
● jenkins.service - Jenkins Continuous Integration Server
     Loaded: loaded (/lib/systemd/system/jenkins.service; enabled; vendor preset: enabled)
     Active: active (running) since Mon 2022-10-10 22:25:56 IST; 1min 15s ago
   Main PID: 6111 (java)
      Tasks: 36 (limit: 2288)
     Memory: 343.8M
        CPU: 24.657s
     CGroup: /system.slice/jenkins.service
             └─6111 /usr/bin/java -Djava.awt.headless=true -jar /usr/share/java/jenkins.war --webroot=/var/cache/jenkins/war --httpPort=8080

Oct 10 22:25:29 parthi-VM jenkins[6111]: This may also be found at: /var/lib/jenkins/secrets/initialAdminPassword
Oct 10 22:25:29 parthi-VM jenkins[6111]: *************************************************************
Oct 10 22:25:29 parthi-VM jenkins[6111]: *************************************************************
Oct 10 22:25:29 parthi-VM jenkins[6111]: *************************************************************
Oct 10 22:25:48 parthi-VM jenkins[6111]: 2022-10-10 16:55:48.169+0000 [id=44]        INFO        h.m.DownloadService$Downloadable#load: Obtained the updated data file for hudson.tasks.Maven.MavenInstall>
Oct 10 22:25:48 parthi-VM jenkins[6111]: 2022-10-10 16:55:48.170+0000 [id=44]        INFO        hudson.util.Retrier#start: Performed the action check updates server successfully at the attempt #1
Oct 10 22:25:48 parthi-VM jenkins[6111]: 2022-10-10 16:55:48.171+0000 [id=44]        INFO        hudson.model.AsyncPeriodicWork#lambda$doRun$1: Finished Download metadata. 19,843 ms
Oct 10 22:25:56 parthi-VM jenkins[6111]: 2022-10-10 16:55:56.219+0000 [id=29]        INFO        jenkins.InitReactorRunner$1#onAttained: Completed initialization
Oct 10 22:25:56 parthi-VM jenkins[6111]: 2022-10-10 16:55:56.251+0000 [id=22]        INFO        hudson.lifecycle.Lifecycle#onReady: Jenkins is fully up and running
Oct 10 22:25:56 parthi-VM systemd[1]: Started Jenkins Continuous Integration Server.
parthiban@parthi-VM:~$ sudo ufw allow 8080
Rules updated
Rules updated (v6)
parthiban@parthi-VM:~$ sudo ufw enable
Firewall is active and enabled on system startup
parthiban@parthi-VM:~$ sudo ufw status
Status: active

To                         Action      From
--                         ------      ----
22/tcp                     ALLOW       Anywhere                  
8080                       ALLOW       Anywhere                  
22/tcp (v6)                ALLOW       Anywhere (v6)             
8080 (v6)                  ALLOW       Anywhere (v6)             

parthiban@parthi-VM:~$ more echo deb [signed-by=/usr/share/keyrings/jenkins-keyring.asc] \
  https://pkg.jenkins.io/debian-stable binary/ | sudo tee \
  /etc/apt/sources.list.d/jenkins.list > /dev/null^C
parthiban@parthi-VM:~$ more /var/lib/jenkins/secrets/initialAdminPassword
more: cannot open /var/lib/jenkins/secrets/initialAdminPassword: Permission denied
parthiban@parthi-VM:~$ sudo gvim /var/lib/jenkins/secrets/initialAdminPassword
parthiban@parthi-VM:~$ 

